2026-01-08.14:34:47.266|A|START log
2026-01-08.14:34:47.266|A|Platform use LITTLE_ENDIAN coding
2026-01-08.14:34:47.266|A|Integer32 Type size is: 8
2026-01-08.14:34:47.266|A|Integer64 Type size is: 8
2026-01-08.14:34:47.266|A|Configuration data:
                       | |option_log_file  [logs/radius-auth-client.log]
                       | |option_conf_file [config/radius/conf.auth-client.xml]
                       | |option_dico_file [config/radius/radius-dictionary.xml]
                       | |option_scen_file [scenario/radius/radius-auth.client.xml]
                       | |log_stat_file    [../logs/radius-auth-client-stat.csv]
                       | |option_log_level [ET]
                       | |option_bg_mode   [false]
                       | |call_rate        [1]
                       | |burst_limit      [0]
                       | |max_send         [200]
                       | |max_receive      [200]
                       | |select_timeout   [50]
                       | |max_simult_calls [2000]
                       | |call_timeout_ms  [10000]
                       | |msg_buffer_size  [4096]
                       | |display_period   [1]
                       | |log_stat_period  [1]
                       | |resp_time_repart [50,75,100,150,300,5000]
                       | |number_calls     [0]
                       | |notimelog        [false]
                       | |msg check        [false]
                       | |msg check mask   [P]
                       | |check behaviour  [warning]
                       | |call rate scale  [1]
                       | |model traffic    [best-effort]
                       | |external data file    [none]
                       | |external data select  [sequential]
2026-01-08.14:34:47.270|A|PID [723057]
2026-01-08.14:34:47.271|T|Send error on call with session-id [0]
2026-01-08.14:34:47.271|T|Execution error on call with session-id [0]
2026-01-08.14:34:48.270|T|Send error on call with session-id [0]
2026-01-08.14:34:48.270|T|Execution error on call with session-id [0]
2026-01-08.14:34:49.270|T|Send error on call with session-id [0]
2026-01-08.14:34:49.270|T|Execution error on call with session-id [0]
2026-01-08.14:34:50.270|T|Send error on call with session-id [0]
2026-01-08.14:34:50.270|T|Execution error on call with session-id [0]
2026-01-08.14:34:51.270|T|Send error on call with session-id [0]
2026-01-08.14:34:51.270|T|Execution error on call with session-id [0]
2026-01-08.14:34:52.270|T|Send error on call with session-id [0]
2026-01-08.14:34:52.270|T|Execution error on call with session-id [0]
2026-01-08.14:34:53.270|T|Send error on call with session-id [0]
2026-01-08.14:34:53.270|T|Execution error on call with session-id [0]
2026-01-08.14:34:54.270|T|Send error on call with session-id [0]
2026-01-08.14:34:54.270|T|Execution error on call with session-id [0]
2026-01-08.14:34:55.270|T|Send error on call with session-id [0]
2026-01-08.14:34:55.270|T|Execution error on call with session-id [0]
2026-01-08.14:34:56.270|T|Send error on call with session-id [0]
2026-01-08.14:34:56.270|T|Execution error on call with session-id [0]
2026-01-08.14:34:57.270|T|Send error on call with session-id [0]
2026-01-08.14:34:57.270|T|Execution error on call with session-id [0]
2026-01-08.14:34:58.270|T|Send error on call with session-id [0]
2026-01-08.14:34:58.270|T|Execution error on call with session-id [0]
2026-01-08.14:34:59.270|T|Send error on call with session-id [0]
2026-01-08.14:34:59.270|T|Execution error on call with session-id [0]
2026-01-08.14:35:00.270|T|Send error on call with session-id [0]
2026-01-08.14:35:00.270|T|Execution error on call with session-id [0]
2026-01-08.14:35:01.270|T|Send error on call with session-id [0]
2026-01-08.14:35:01.270|T|Execution error on call with session-id [0]
2026-01-08.14:35:02.270|T|Send error on call with session-id [0]
2026-01-08.14:35:02.270|T|Execution error on call with session-id [0]
2026-01-08.14:35:03.270|T|Send error on call with session-id [0]
2026-01-08.14:35:03.270|T|Execution error on call with session-id [0]
2026-01-08.14:35:04.270|T|Send error on call with session-id [0]
2026-01-08.14:35:04.270|T|Execution error on call with session-id [0]
2026-01-08.14:35:05.270|T|Send error on call with session-id [0]
2026-01-08.14:35:05.270|T|Execution error on call with session-id [0]
2026-01-08.14:35:06.270|T|Send error on call with session-id [0]
2026-01-08.14:35:06.270|T|Execution error on call with session-id [0]
2026-01-08.14:35:07.270|T|Send error on call with session-id [0]
2026-01-08.14:35:07.270|T|Execution error on call with session-id [0]
2026-01-08.14:35:08.270|T|Send error on call with session-id [0]
2026-01-08.14:35:08.270|T|Execution error on call with session-id [0]
2026-01-08.14:35:09.270|T|Send error on call with session-id [0]
2026-01-08.14:35:09.270|T|Execution error on call with session-id [0]
2026-01-08.14:35:10.270|T|Send error on call with session-id [0]
2026-01-08.14:35:10.270|T|Execution error on call with session-id [0]
2026-01-08.14:35:11.270|T|Send error on call with session-id [0]
2026-01-08.14:35:11.270|T|Execution error on call with session-id [0]
2026-01-08.14:35:12.270|T|Send error on call with session-id [0]
2026-01-08.14:35:12.270|T|Execution error on call with session-id [0]
2026-01-08.14:35:13.270|T|Send error on call with session-id [0]
2026-01-08.14:35:13.270|T|Execution error on call with session-id [0]
2026-01-08.14:35:14.270|T|Send error on call with session-id [0]
2026-01-08.14:35:14.270|T|Execution error on call with session-id [0]
2026-01-08.14:35:15.270|T|Send error on call with session-id [0]
2026-01-08.14:35:15.270|T|Execution error on call with session-id [0]
2026-01-08.14:35:16.270|T|Send error on call with session-id [0]
2026-01-08.14:35:16.270|T|Execution error on call with session-id [0]
2026-01-08.14:35:17.270|T|Send error on call with session-id [0]
2026-01-08.14:35:17.270|T|Execution error on call with session-id [0]
2026-01-08.14:35:18.270|T|Send error on call with session-id [0]
2026-01-08.14:35:18.270|T|Execution error on call with session-id [0]
2026-01-08.14:35:19.270|T|Send error on call with session-id [0]
2026-01-08.14:35:19.270|T|Execution error on call with session-id [0]
2026-01-08.14:35:20.270|T|Send error on call with session-id [0]
2026-01-08.14:35:20.270|T|Execution error on call with session-id [0]
2026-01-08.14:35:21.270|T|Send error on call with session-id [0]
2026-01-08.14:35:21.270|T|Execution error on call with session-id [0]
2026-01-08.14:35:22.270|T|Send error on call with session-id [0]
2026-01-08.14:35:22.270|T|Execution error on call with session-id [0]
2026-01-08.14:35:23.270|T|Send error on call with session-id [0]
2026-01-08.14:35:23.270|T|Execution error on call with session-id [0]
2026-01-08.14:35:24.270|T|Send error on call with session-id [0]
2026-01-08.14:35:24.270|T|Execution error on call with session-id [0]
2026-01-08.14:35:25.270|T|Send error on call with session-id [0]
2026-01-08.14:35:25.270|T|Execution error on call with session-id [0]
2026-01-08.14:35:26.270|T|Send error on call with session-id [0]
2026-01-08.14:35:26.270|T|Execution error on call with session-id [0]
2026-01-08.14:35:27.270|T|Send error on call with session-id [0]
2026-01-08.14:35:27.270|T|Execution error on call with session-id [0]
2026-01-08.14:35:28.270|T|Send error on call with session-id [0]
2026-01-08.14:35:28.270|T|Execution error on call with session-id [0]
2026-01-08.14:35:29.270|T|Send error on call with session-id [0]
2026-01-08.14:35:29.270|T|Execution error on call with session-id [0]
2026-01-08.14:35:30.270|T|Send error on call with session-id [0]
2026-01-08.14:35:30.270|T|Execution error on call with session-id [0]
2026-01-08.14:35:31.270|T|Send error on call with session-id [0]
2026-01-08.14:35:31.270|T|Execution error on call with session-id [0]
2026-01-08.14:35:32.270|T|Send error on call with session-id [0]
2026-01-08.14:35:32.270|T|Execution error on call with session-id [0]
2026-01-08.14:35:33.270|T|Send error on call with session-id [0]
2026-01-08.14:35:33.270|T|Execution error on call with session-id [0]
2026-01-08.14:35:34.270|T|Send error on call with session-id [0]
2026-01-08.14:35:34.270|T|Execution error on call with session-id [0]
2026-01-08.14:35:35.270|T|Send error on call with session-id [0]
2026-01-08.14:35:35.270|T|Execution error on call with session-id [0]
2026-01-08.14:35:36.270|T|Send error on call with session-id [0]
2026-01-08.14:35:36.270|T|Execution error on call with session-id [0]
2026-01-08.14:35:37.270|T|Send error on call with session-id [0]
2026-01-08.14:35:37.270|T|Execution error on call with session-id [0]
2026-01-08.14:35:38.270|T|Send error on call with session-id [0]
2026-01-08.14:35:38.270|T|Execution error on call with session-id [0]
2026-01-08.14:35:39.270|T|Send error on call with session-id [0]
2026-01-08.14:35:39.270|T|Execution error on call with session-id [0]
2026-01-08.14:35:40.209|A|STOP  log
