2026-01-08.15:15:28.527|A|START log
2026-01-08.15:15:28.527|A|Platform use LITTLE_ENDIAN coding
2026-01-08.15:15:28.527|A|Integer32 Type size is: 8
2026-01-08.15:15:28.527|A|Integer64 Type size is: 8
2026-01-08.15:15:28.527|A|Configuration data:
                       | |option_log_file  [logs/radius-acct-server.log]
                       | |option_conf_file [config/radius/conf.acct-server.xml]
                       | |option_dico_file [config/radius/radius-dictionary.xml]
                       | |option_scen_file [scenario/radius/radius-acct.server.xml]
                       | |log_stat_file    [../logs/server-stat.csv]
                       | |option_log_level [ET]
                       | |option_bg_mode   [false]
                       | |call_rate        [0]
                       | |burst_limit      [0]
                       | |max_send         [2000]
                       | |max_receive      [2000]
                       | |select_timeout   [50]
                       | |max_simult_calls [2000]
                       | |call_timeout_ms  [10000]
                       | |msg_buffer_size  [4096]
                       | |display_period   [1]
                       | |log_stat_period  [1]
                       | |resp_time_repart [50,75,100,150,300,5000]
                       | |number_calls     [0]
                       | |notimelog        [false]
                       | |msg check        [false]
                       | |msg check mask   [P]
                       | |check behaviour  [warning]
                       | |call rate scale  [1]
                       | |model traffic    [best-effort]
                       | |external data file    [none]
                       | |external data select  [sequential]
2026-01-08.15:15:28.529|A|PID [777309]
2026-01-08.15:15:47.262|T|Call timeout detected
2026-01-08.15:15:47.764|T|Call timeout detected
2026-01-08.15:15:48.215|T|Call timeout detected
2026-01-08.15:15:48.717|T|Call timeout detected
2026-01-08.15:15:49.218|T|Call timeout detected
2026-01-08.15:15:49.719|T|Call timeout detected
2026-01-08.15:15:50.224|T|Call timeout detected
2026-01-08.15:15:50.725|T|Call timeout detected
2026-01-08.15:15:51.226|T|Call timeout detected
2026-01-08.15:15:51.727|T|Call timeout detected
