2026-01-08.15:16:18.060|A|START log
2026-01-08.15:16:18.060|A|Platform use LITTLE_ENDIAN coding
2026-01-08.15:16:18.060|A|Integer32 Type size is: 8
2026-01-08.15:16:18.060|A|Integer64 Type size is: 8
2026-01-08.15:16:18.060|A|Configuration data:
                       | |option_log_file  [logs/radius-acct-client.log]
                       | |option_conf_file [config/radius/conf.acct-client.xml]
                       | |option_dico_file [config/radius/radius-dictionary.xml]
                       | |option_scen_file [scenario/radius/radius-accounting.client.xml]
                       | |log_stat_file    [../logs/client-stat.csv]
                       | |option_log_level [ET]
                       | |option_bg_mode   [false]
                       | |call_rate        [1]
                       | |burst_limit      [0]
                       | |max_send         [200]
                       | |max_receive      [200]
                       | |select_timeout   [50]
                       | |max_simult_calls [2000]
                       | |call_timeout_ms  [10000]
                       | |msg_buffer_size  [4096]
                       | |display_period   [1]
                       | |log_stat_period  [1]
                       | |resp_time_repart [50,75,100,150,300,5000]
                       | |number_calls     [0]
                       | |notimelog        [false]
                       | |msg check        [false]
                       | |msg check mask   [P]
                       | |check behaviour  [warning]
                       | |call rate scale  [1]
                       | |model traffic    [best-effort]
                       | |external data file    [none]
                       | |external data select  [sequential]
2026-01-08.15:16:18.062|A|PID [778825]
2026-01-08.15:16:18.616|E|Unexpexted message that doesn't match the scenario.
2026-01-08.15:16:18.616|T|Unexpected (no scenario found) call with session-id [2]
2026-01-08.15:16:18.616|T|Unexpected message received [ [Accounting-Response
                       |M|[Code] = [ 5]
                       |M|[Identifier] = [ 2]
                       |M|[Length] = [ 32]
                       |M|[Authenticator] = [  
                       |M|46 45 44 43 42 41 39 38 37 36 35 34 33 32 31 30 
                       |M|]
                       |M| [Acct-Session-Id
                       |M| (Attr-Type = 44)] = [
                       |M| 31 
                       |M| ]
                       |M| [Acct-Status-Type
                       |M| (Attr-Type = 40)] = [1]
                       |M|]
                       | |]
2026-01-08.15:16:19.570|E|Unexpexted message that doesn't match the scenario.
2026-01-08.15:16:19.570|T|Unexpected (no scenario found) call with session-id [4]
2026-01-08.15:16:19.570|T|Unexpected message received [ [Accounting-Response
                       |M|[Code] = [ 5]
                       |M|[Identifier] = [ 4]
                       |M|[Length] = [ 32]
                       |M|[Authenticator] = [  
                       |M|46 45 44 43 42 41 39 38 37 36 35 34 33 32 31 30 
                       |M|]
                       |M| [Acct-Session-Id
                       |M| (Attr-Type = 44)] = [
                       |M| 32 
                       |M| ]
                       |M| [Acct-Status-Type
                       |M| (Attr-Type = 40)] = [1]
                       |M|]
                       | |]
2026-01-08.15:16:20.574|E|Unexpexted message that doesn't match the scenario.
2026-01-08.15:16:20.574|T|Unexpected (no scenario found) call with session-id [6]
2026-01-08.15:16:20.574|T|Unexpected message received [ [Accounting-Response
                       |M|[Code] = [ 5]
                       |M|[Identifier] = [ 6]
                       |M|[Length] = [ 32]
                       |M|[Authenticator] = [  
                       |M|46 45 44 43 42 41 39 38 37 36 35 34 33 32 31 30 
                       |M|]
                       |M| [Acct-Session-Id
                       |M| (Attr-Type = 44)] = [
                       |M| 33 
                       |M| ]
                       |M| [Acct-Status-Type
                       |M| (Attr-Type = 40)] = [1]
                       |M|]
                       | |]
2026-01-08.15:16:21.579|E|Unexpexted message that doesn't match the scenario.
2026-01-08.15:16:21.579|T|Unexpected (no scenario found) call with session-id [8]
2026-01-08.15:16:21.579|T|Unexpected message received [ [Accounting-Response
                       |M|[Code] = [ 5]
                       |M|[Identifier] = [ 8]
                       |M|[Length] = [ 32]
                       |M|[Authenticator] = [  
                       |M|46 45 44 43 42 41 39 38 37 36 35 34 33 32 31 30 
                       |M|]
                       |M| [Acct-Session-Id
                       |M| (Attr-Type = 44)] = [
                       |M| 34 
                       |M| ]
                       |M| [Acct-Status-Type
                       |M| (Attr-Type = 40)] = [1]
                       |M|]
                       | |]
2026-01-08.15:16:22.586|E|Unexpexted message that doesn't match the scenario.
2026-01-08.15:16:22.586|T|Unexpected (no scenario found) call with session-id [10]
2026-01-08.15:16:22.586|T|Unexpected message received [ [Accounting-Response
                       |M|[Code] = [ 5]
                       |M|[Identifier] = [ 10]
                       |M|[Length] = [ 32]
                       |M|[Authenticator] = [  
                       |M|46 45 44 43 42 41 39 38 37 36 35 34 33 32 31 30 
                       |M|]
                       |M| [Acct-Session-Id
                       |M| (Attr-Type = 44)] = [
                       |M| 35 
                       |M| ]
                       |M| [Acct-Status-Type
                       |M| (Attr-Type = 40)] = [1]
                       |M|]
                       | |]
2026-01-08.15:16:23.590|E|Unexpexted message that doesn't match the scenario.
2026-01-08.15:16:23.590|T|Unexpected (no scenario found) call with session-id [12]
2026-01-08.15:16:23.590|T|Unexpected message received [ [Accounting-Response
                       |M|[Code] = [ 5]
                       |M|[Identifier] = [ 12]
                       |M|[Length] = [ 32]
                       |M|[Authenticator] = [  
                       |M|46 45 44 43 42 41 39 38 37 36 35 34 33 32 31 30 
                       |M|]
                       |M| [Acct-Session-Id
                       |M| (Attr-Type = 44)] = [
                       |M| 36 
                       |M| ]
                       |M| [Acct-Status-Type
                       |M| (Attr-Type = 40)] = [1]
                       |M|]
                       | |]
2026-01-08.15:16:24.594|E|Unexpexted message that doesn't match the scenario.
2026-01-08.15:16:24.594|T|Unexpected (no scenario found) call with session-id [14]
2026-01-08.15:16:24.594|T|Unexpected message received [ [Accounting-Response
                       |M|[Code] = [ 5]
                       |M|[Identifier] = [ 14]
                       |M|[Length] = [ 32]
                       |M|[Authenticator] = [  
                       |M|46 45 44 43 42 41 39 38 37 36 35 34 33 32 31 30 
                       |M|]
                       |M| [Acct-Session-Id
                       |M| (Attr-Type = 44)] = [
                       |M| 37 
                       |M| ]
                       |M| [Acct-Status-Type
                       |M| (Attr-Type = 40)] = [1]
                       |M|]
                       | |]
2026-01-08.15:16:28.663|T|Call timeout detected
2026-01-08.15:16:29.617|T|Call timeout detected
2026-01-08.15:16:30.621|T|Call timeout detected
2026-01-08.15:16:31.624|T|Call timeout detected
2026-01-08.15:16:32.628|T|Call timeout detected
2026-01-08.15:16:33.634|T|Call timeout detected
2026-01-08.15:16:34.638|T|Call timeout detected
2026-01-08.15:16:35.140|T|Call timeout detected
2026-01-08.15:16:36.122|T|Call timeout detected
2026-01-08.15:16:37.127|T|Call timeout detected
2026-01-08.15:16:38.131|T|Call timeout detected
2026-01-08.15:16:39.086|T|Call timeout detected
2026-01-08.15:16:40.089|T|Call timeout detected
2026-01-08.15:16:41.093|T|Call timeout detected
2026-01-08.15:16:42.097|T|Call timeout detected
2026-01-08.15:16:43.101|T|Call timeout detected
2026-01-08.15:16:44.104|T|Call timeout detected
2026-01-08.15:16:45.110|T|Call timeout detected
2026-01-08.15:16:46.088|A|STOP  log
