2026-01-08.14:21:31.706|A|START log
2026-01-08.14:21:31.706|A|Platform use LITTLE_ENDIAN coding
2026-01-08.14:21:31.706|A|Integer32 Type size is: 8
2026-01-08.14:21:31.706|A|Integer64 Type size is: 8
2026-01-08.14:21:31.706|A|Configuration data:
                       | |option_log_file  [logs/radius-auth-client.log]
                       | |option_conf_file [config/radius/conf.auth-client.xml]
                       | |option_dico_file [config/radius/radius-dictionary.xml]
                       | |option_scen_file [scenario/radius/radius-auth.client.xml]
                       | |log_stat_file    [../logs/radius-auth-client-stat.csv]
                       | |option_log_level [ET]
                       | |option_bg_mode   [false]
                       | |call_rate        [1]
                       | |burst_limit      [0]
                       | |max_send         [200]
                       | |max_receive      [200]
                       | |select_timeout   [50]
                       | |max_simult_calls [2000]
                       | |call_timeout_ms  [10000]
                       | |msg_buffer_size  [4096]
                       | |display_period   [1]
                       | |log_stat_period  [1]
                       | |resp_time_repart [50,75,100,150,300,5000]
                       | |number_calls     [0]
                       | |notimelog        [false]
                       | |msg check        [false]
                       | |msg check mask   [P]
                       | |check behaviour  [warning]
                       | |call rate scale  [1]
                       | |model traffic    [best-effort]
                       | |external data file    [none]
                       | |external data select  [sequential]
2026-01-08.14:21:31.707|A|PID [709428]
2026-01-08.14:21:31.707|T|Send error on call with session-id [0]
2026-01-08.14:21:31.707|T|Execution error on call with session-id [0]
2026-01-08.14:21:32.708|T|Send error on call with session-id [0]
2026-01-08.14:21:32.708|T|Execution error on call with session-id [0]
2026-01-08.14:21:33.707|T|Send error on call with session-id [0]
2026-01-08.14:21:33.707|T|Execution error on call with session-id [0]
2026-01-08.14:21:34.707|T|Send error on call with session-id [0]
2026-01-08.14:21:34.707|T|Execution error on call with session-id [0]
2026-01-08.14:21:35.707|T|Send error on call with session-id [0]
2026-01-08.14:21:35.708|T|Execution error on call with session-id [0]
2026-01-08.14:21:36.707|T|Send error on call with session-id [0]
2026-01-08.14:21:36.707|T|Execution error on call with session-id [0]
2026-01-08.14:21:37.707|T|Send error on call with session-id [0]
2026-01-08.14:21:37.708|T|Execution error on call with session-id [0]
2026-01-08.14:21:38.707|T|Send error on call with session-id [0]
2026-01-08.14:21:38.708|T|Execution error on call with session-id [0]
2026-01-08.14:21:39.707|T|Send error on call with session-id [0]
2026-01-08.14:21:39.708|T|Execution error on call with session-id [0]
2026-01-08.14:21:40.707|T|Send error on call with session-id [0]
2026-01-08.14:21:40.708|T|Execution error on call with session-id [0]
2026-01-08.14:21:41.707|T|Send error on call with session-id [0]
2026-01-08.14:21:41.708|T|Execution error on call with session-id [0]
2026-01-08.14:21:42.707|T|Send error on call with session-id [0]
2026-01-08.14:21:42.708|T|Execution error on call with session-id [0]
2026-01-08.14:21:43.707|T|Send error on call with session-id [0]
2026-01-08.14:21:43.708|T|Execution error on call with session-id [0]
2026-01-08.14:21:44.707|T|Send error on call with session-id [0]
2026-01-08.14:21:44.708|T|Execution error on call with session-id [0]
2026-01-08.14:21:45.707|T|Send error on call with session-id [0]
2026-01-08.14:21:45.708|T|Execution error on call with session-id [0]
2026-01-08.14:21:46.707|T|Send error on call with session-id [0]
2026-01-08.14:21:46.708|T|Execution error on call with session-id [0]
2026-01-08.14:21:47.707|T|Send error on call with session-id [0]
2026-01-08.14:21:47.708|T|Execution error on call with session-id [0]
2026-01-08.14:21:48.707|T|Send error on call with session-id [0]
2026-01-08.14:21:48.708|T|Execution error on call with session-id [0]
2026-01-08.14:21:49.707|T|Send error on call with session-id [0]
2026-01-08.14:21:49.708|T|Execution error on call with session-id [0]
2026-01-08.14:21:50.707|T|Send error on call with session-id [0]
2026-01-08.14:21:50.708|T|Execution error on call with session-id [0]
2026-01-08.14:21:51.707|T|Send error on call with session-id [0]
2026-01-08.14:21:51.708|T|Execution error on call with session-id [0]
2026-01-08.14:21:52.707|T|Send error on call with session-id [0]
2026-01-08.14:21:52.708|T|Execution error on call with session-id [0]
2026-01-08.14:21:53.707|T|Send error on call with session-id [0]
2026-01-08.14:21:53.708|T|Execution error on call with session-id [0]
2026-01-08.14:21:54.707|T|Send error on call with session-id [0]
2026-01-08.14:21:54.708|T|Execution error on call with session-id [0]
2026-01-08.14:21:55.708|T|Send error on call with session-id [0]
2026-01-08.14:21:55.708|T|Execution error on call with session-id [0]
2026-01-08.14:21:56.707|T|Send error on call with session-id [0]
2026-01-08.14:21:56.708|T|Execution error on call with session-id [0]
2026-01-08.14:21:57.707|T|Send error on call with session-id [0]
2026-01-08.14:21:57.708|T|Execution error on call with session-id [0]
2026-01-08.14:21:58.708|T|Send error on call with session-id [0]
2026-01-08.14:21:58.708|T|Execution error on call with session-id [0]
2026-01-08.14:21:59.735|A|STOP  log
