2026-01-08.14:12:00.309|A|START log
2026-01-08.14:12:00.309|A|Platform use LITTLE_ENDIAN coding
2026-01-08.14:12:00.309|A|Integer32 Type size is: 8
2026-01-08.14:12:00.309|A|Integer64 Type size is: 8
2026-01-08.14:12:00.309|A|Configuration data:
                       | |option_log_file  [logs/radius-auth-client.log]
                       | |option_conf_file [config/radius/conf.auth-client.xml]
                       | |option_dico_file [config/radius/radius-dictionary.xml]
                       | |option_scen_file [scenario/radius/radius-auth.client.xml]
                       | |log_stat_file    [../logs/radius-auth-client-stat.csv]
                       | |option_log_level [ET]
                       | |option_bg_mode   [false]
                       | |call_rate        [1]
                       | |burst_limit      [0]
                       | |max_send         [200]
                       | |max_receive      [200]
                       | |select_timeout   [50]
                       | |max_simult_calls [2000]
                       | |call_timeout_ms  [10000]
                       | |msg_buffer_size  [4096]
                       | |display_period   [1]
                       | |log_stat_period  [1]
                       | |resp_time_repart [50,75,100,150,300,5000]
                       | |number_calls     [0]
                       | |notimelog        [false]
                       | |msg check        [false]
                       | |msg check mask   [P]
                       | |check behaviour  [warning]
                       | |call rate scale  [1]
                       | |model traffic    [best-effort]
                       | |external data file    [none]
                       | |external data select  [sequential]
2026-01-08.14:12:00.310|A|PID [700640]
2026-01-08.14:12:00.311|T|Send error on call with session-id [0]
2026-01-08.14:12:00.311|T|Execution error on call with session-id [0]
2026-01-08.14:12:01.311|T|Send error on call with session-id [0]
2026-01-08.14:12:01.311|T|Execution error on call with session-id [0]
2026-01-08.14:12:02.311|T|Send error on call with session-id [0]
2026-01-08.14:12:02.311|T|Execution error on call with session-id [0]
2026-01-08.14:12:03.311|T|Send error on call with session-id [0]
2026-01-08.14:12:03.311|T|Execution error on call with session-id [0]
2026-01-08.14:12:04.311|T|Send error on call with session-id [0]
2026-01-08.14:12:04.311|T|Execution error on call with session-id [0]
2026-01-08.14:12:05.311|T|Send error on call with session-id [0]
2026-01-08.14:12:05.311|T|Execution error on call with session-id [0]
2026-01-08.14:12:06.311|T|Send error on call with session-id [0]
2026-01-08.14:12:06.311|T|Execution error on call with session-id [0]
2026-01-08.14:12:07.311|T|Send error on call with session-id [0]
2026-01-08.14:12:07.311|T|Execution error on call with session-id [0]
2026-01-08.14:12:08.311|T|Send error on call with session-id [0]
2026-01-08.14:12:08.311|T|Execution error on call with session-id [0]
2026-01-08.14:12:09.311|T|Send error on call with session-id [0]
2026-01-08.14:12:09.311|T|Execution error on call with session-id [0]
2026-01-08.14:12:10.311|T|Send error on call with session-id [0]
2026-01-08.14:12:10.311|T|Execution error on call with session-id [0]
2026-01-08.14:12:11.311|T|Send error on call with session-id [0]
2026-01-08.14:12:11.311|T|Execution error on call with session-id [0]
2026-01-08.14:12:12.311|T|Send error on call with session-id [0]
2026-01-08.14:12:12.311|T|Execution error on call with session-id [0]
2026-01-08.14:12:13.311|T|Send error on call with session-id [0]
2026-01-08.14:12:13.311|T|Execution error on call with session-id [0]
2026-01-08.14:12:14.311|T|Send error on call with session-id [0]
2026-01-08.14:12:14.311|T|Execution error on call with session-id [0]
2026-01-08.14:12:15.311|T|Send error on call with session-id [0]
2026-01-08.14:12:15.311|T|Execution error on call with session-id [0]
2026-01-08.14:12:16.311|T|Send error on call with session-id [0]
2026-01-08.14:12:16.311|T|Execution error on call with session-id [0]
2026-01-08.14:12:17.311|T|Send error on call with session-id [0]
2026-01-08.14:12:17.311|T|Execution error on call with session-id [0]
2026-01-08.14:12:18.311|T|Send error on call with session-id [0]
2026-01-08.14:12:18.311|T|Execution error on call with session-id [0]
2026-01-08.14:12:19.311|T|Send error on call with session-id [0]
2026-01-08.14:12:19.311|T|Execution error on call with session-id [0]
2026-01-08.14:12:20.311|T|Send error on call with session-id [0]
2026-01-08.14:12:20.311|T|Execution error on call with session-id [0]
2026-01-08.14:12:21.311|T|Send error on call with session-id [0]
2026-01-08.14:12:21.311|T|Execution error on call with session-id [0]
2026-01-08.14:12:22.311|T|Send error on call with session-id [0]
2026-01-08.14:12:22.311|T|Execution error on call with session-id [0]
2026-01-08.14:12:23.311|T|Send error on call with session-id [0]
2026-01-08.14:12:23.311|T|Execution error on call with session-id [0]
2026-01-08.14:12:24.311|T|Send error on call with session-id [0]
2026-01-08.14:12:24.311|T|Execution error on call with session-id [0]
2026-01-08.14:12:25.311|T|Send error on call with session-id [0]
2026-01-08.14:12:25.311|T|Execution error on call with session-id [0]
2026-01-08.14:12:26.311|T|Send error on call with session-id [0]
2026-01-08.14:12:26.311|T|Execution error on call with session-id [0]
2026-01-08.14:12:27.311|T|Send error on call with session-id [0]
2026-01-08.14:12:27.311|T|Execution error on call with session-id [0]
2026-01-08.14:12:28.311|T|Send error on call with session-id [0]
2026-01-08.14:12:28.311|T|Execution error on call with session-id [0]
2026-01-08.14:12:29.340|A|STOP  log
