2025-12-15.11:00:23.534|A|START log
2025-12-15.11:00:23.534|A|Platform use LITTLE_ENDIAN coding
2025-12-15.11:00:23.534|A|Integer32 Type size is: 8
2025-12-15.11:00:23.534|A|Integer64 Type size is: 8
2025-12-15.11:00:23.534|A|Configuration data:
                       | |option_log_file  [../logs/sar-saa.client.log]
                       | |option_conf_file [../config/conf.client.xml]
                       | |option_dico_file [../config/base_cx.xml]
                       | |option_scen_file [../scenario/sar-saa.client.xml]
                       | |log_stat_file    [../logs/client-stat.csv]
                       | |option_log_level [ET]
                       | |option_bg_mode   [false]
                       | |call_rate        [1]
                       | |burst_limit      [0]
                       | |max_send         [200]
                       | |max_receive      [200]
                       | |select_timeout   [50]
                       | |max_simult_calls [2000]
                       | |call_timeout_ms  [10000]
                       | |msg_buffer_size  [4096]
                       | |display_period   [1]
                       | |log_stat_period  [1]
                       | |resp_time_repart [50,75,100,150,300,5000]
                       | |number_calls     [0]
                       | |notimelog        [false]
                       | |msg check        [false]
                       | |msg check mask   [P]
                       | |check behaviour  [warning]
                       | |call rate scale  [1]
                       | |model traffic    [best-effort]
                       | |external data file    [none]
                       | |external data select  [sequential]
2025-12-15.11:00:23.535|A|PID [55932]
2025-12-15.11:02:06.047|T|channel [channel-1] closed
2025-12-15.11:02:06.638|A|STOP  log
